
R version 3.1.1 (2014-07-10) -- "Sock it to Me"
Copyright (C) 2014 The R Foundation for Statistical Computing
Platform: x86_64-unknown-linux-gnu (64-bit)

R is free software and comes with ABSOLUTELY NO WARRANTY.
You are welcome to redistribute it under certain conditions.
Type 'license()' or 'licence()' for distribution details.

  Natural language support but running in an English locale

R is a collaborative project with many contributors.
Type 'contributors()' for more information and
'citation()' on how to cite R or R packages in publications.

Type 'demo()' for some demos, 'help()' for on-line help, or
'help.start()' for an HTML browser interface to help.
Type 'q()' to quit R.

> install.packages("slidify")
Installing package into ¡/home/dave/R/x86_64-unknown-linux-gnu-library/3.1¢
(as ¡lib¢ is unspecified)
Warning in install.packages :
  package ¡slidify¢ is not available (for R version 3.1.1)
> install.packages("slidify")
Installing package into ¡/home/dave/R/x86_64-unknown-linux-gnu-library/3.1¢
(as ¡lib¢ is unspecified)
Warning in install.packages :
  package ¡slidify¢ is not available (for R version 3.1.1)
> ?install.packages
> install.packages("slidify")
Installing package into ¡/home/dave/R/x86_64-unknown-linux-gnu-library/3.1¢
(as ¡lib¢ is unspecified)
Warning in install.packages :
  package ¡slidify¢ is not available (for R version 3.1.1)
> source("http://bioconductor.org/biocLite.R")
Installing package into ¡/home/dave/R/x86_64-unknown-linux-gnu-library/3.1¢
(as ¡lib¢ is unspecified)
trying URL 'http://www.bioconductor.org/packages/2.14/bioc/src/contrib/BiocInstaller_1.14.2.tar.gz'
Content type 'application/x-gzip' length 14053 bytes (13 Kb)
opened URL
==================================================
downloaded 13 Kb

* installing *source* package ¡BiocInstaller¢ ...
** R
** inst
** preparing package for lazy loading
** help
*** installing help indices
** building package indices
** testing if installed package can be loaded
Bioconductor version 2.14 (BiocInstaller 1.14.2), ?biocLite for help
* DONE (BiocInstaller)

The downloaded source packages are in
  ¡/tmp/RtmpY39Hj9/downloaded_packages¢
Bioconductor version 2.14 (BiocInstaller
  1.14.2), ?biocLite for help
> biocLine()
Error: could not find function "biocLine"
> source("http://bioconductor.org/biocLite.R")
Bioconductor version 2.14 (BiocInstaller
  1.14.2), ?biocLite for help
> reguire(devtools)
Error: could not find function "reguire"
> require(devtools)
Loading required package: devtools
Warning message:
In library(package, lib.loc = lib.loc, character.only = TRUE, logical.return = TRUE,  :
  there is no package called ¡devtools¢
> library(devtools)
Error in library(devtools) : there is no package called ¡devtools¢
> install.packages("devtools")
Installing package into ¡/home/dave/R/x86_64-unknown-linux-gnu-library/3.1¢
(as ¡lib¢ is unspecified)
also installing the dependencies ¡memoise¢, ¡whisker¢, ¡evaluate¢

trying URL 'http://cran.rstudio.com/src/contrib/memoise_0.2.1.tar.gz'
Content type 'application/x-gzip' length 4212 bytes
opened URL
==================================================
downloaded 4212 bytes

trying URL 'http://cran.rstudio.com/src/contrib/whisker_0.3-2.tar.gz'
Content type 'application/x-gzip' length 27707 bytes (27 Kb)
opened URL
==================================================
downloaded 27 Kb

trying URL 'http://cran.rstudio.com/src/contrib/evaluate_0.5.5.tar.gz'
Content type 'application/x-gzip' length 17944 bytes (17 Kb)
opened URL
==================================================
downloaded 17 Kb

trying URL 'http://cran.rstudio.com/src/contrib/devtools_1.5.tar.gz'
Content type 'application/x-gzip' length 112272 bytes (109 Kb)
opened URL
==================================================
downloaded 109 Kb

* installing *source* package ¡memoise¢ ...
** package ¡memoise¢ successfully unpacked and MD5 sums checked
** R
** preparing package for lazy loading
** help
*** installing help indices
** building package indices
** testing if installed package can be loaded
* DONE (memoise)
* installing *source* package ¡whisker¢ ...
** package ¡whisker¢ successfully unpacked and MD5 sums checked
** R
** inst
** preparing package for lazy loading
** help
*** installing help indices
** building package indices
** testing if installed package can be loaded
* DONE (whisker)
* installing *source* package ¡evaluate¢ ...
** package ¡evaluate¢ successfully unpacked and MD5 sums checked
** R
** preparing package for lazy loading
** help
*** installing help indices
** building package indices
** testing if installed package can be loaded
* DONE (evaluate)
* installing *source* package ¡devtools¢ ...
** package ¡devtools¢ successfully unpacked and MD5 sums checked
** libs
gcc -std=gnu99 -I/usr/local/lib64/R/include -DNDEBUG  -I/usr/local/include    -fpic  -g -O2  -c devtools.c -o devtools.o
gcc -std=gnu99 -shared -L/usr/local/lib64 -o devtools.so devtools.o -L/usr/local/lib64/R/lib -lR
installing to /home/dave/R/x86_64-unknown-linux-gnu-library/3.1/devtools/libs
** R
** inst
** preparing package for lazy loading
** help
*** installing help indices
** building package indices
** testing if installed package can be loaded
* DONE (devtools)

The downloaded source packages are in
	¡/tmp/RtmpY39Hj9/downloaded_packages¢
> library(devtools)

Attaching package: ¡devtools¢

The following objects are masked from ¡package:utils¢:

    ?, help

The following object is masked from ¡package:base¢:

    system.file

> install_github("slidify","ramnathv")
Installing github repo slidify/master from ramnathv
Downloading master.zip from https://github.com/ramnathv/slidify/archive/master.zip
Installing package from /tmp/RtmpY39Hj9/master.zip
arguments 'minimized' and 'invisible' are for Windows only
Installing slidify
Installing dependencies for slidify:
knitr, markdown
Installing packages into ¡/home/dave/R/x86_64-unknown-linux-gnu-library/3.1¢
(as ¡lib¢ is unspecified)
also installing the dependencies ¡formatR¢, ¡highr¢, ¡mime¢

trying URL 'http://cran.rstudio.com/src/contrib/formatR_1.0.tar.gz'
Content type 'application/x-gzip' length 28265 bytes (27 Kb)
opened URL
==================================================
downloaded 27 Kb

trying URL 'http://cran.rstudio.com/src/contrib/highr_0.3.tar.gz'
Content type 'application/x-gzip' length 16400 bytes (16 Kb)
opened URL
==================================================
downloaded 16 Kb

trying URL 'http://cran.rstudio.com/src/contrib/mime_0.1.2.tar.gz'
Content type 'application/x-gzip' length 7939 bytes
opened URL
==================================================
downloaded 7939 bytes

trying URL 'http://cran.rstudio.com/src/contrib/knitr_1.6.tar.gz'
Content type 'application/x-gzip' length 990556 bytes (967 Kb)
opened URL
==================================================
downloaded 967 Kb

trying URL 'http://cran.rstudio.com/src/contrib/markdown_0.7.4.tar.gz'
Content type 'application/x-gzip' length 77898 bytes (76 Kb)
opened URL
==================================================
downloaded 76 Kb

* installing *source* package ¡formatR¢ ...
** package ¡formatR¢ successfully unpacked and MD5 sums checked
** R
** inst
** preparing package for lazy loading
** help
*** installing help indices
** building package indices
** installing vignettes
** testing if installed package can be loaded
* DONE (formatR)
* installing *source* package ¡highr¢ ...
** package ¡highr¢ successfully unpacked and MD5 sums checked
** R
** inst
** preparing package for lazy loading
** help
*** installing help indices
** building package indices
** installing vignettes
** testing if installed package can be loaded
* DONE (highr)
* installing *source* package ¡mime¢ ...
** package ¡mime¢ successfully unpacked and MD5 sums checked
** R
** preparing package for lazy loading
** help
*** installing help indices
** building package indices
** testing if installed package can be loaded
* DONE (mime)
* installing *source* package ¡markdown¢ ...
** package ¡markdown¢ successfully unpacked and MD5 sums checked
** libs
gcc -std=gnu99 -I/usr/local/lib64/R/include -DNDEBUG  -I/usr/local/include    -fpic  -g -O2  -c Rbase64.c -o Rbase64.o
gcc -std=gnu99 -I/usr/local/lib64/R/include -DNDEBUG  -I/usr/local/include    -fpic  -g -O2  -c Rinit.c -o Rinit.o
gcc -std=gnu99 -I/usr/local/lib64/R/include -DNDEBUG  -I/usr/local/include    -fpic  -g -O2  -c Rmarkdown.c -o Rmarkdown.o
gcc -std=gnu99 -I/usr/local/lib64/R/include -DNDEBUG  -I/usr/local/include    -fpic  -g -O2  -c autolink.c -o autolink.o
gcc -std=gnu99 -I/usr/local/lib64/R/include -DNDEBUG  -I/usr/local/include    -fpic  -g -O2  -c buffer.c -o buffer.o
gcc -std=gnu99 -I/usr/local/lib64/R/include -DNDEBUG  -I/usr/local/include    -fpic  -g -O2  -c houdini_href_e.c -o houdini_href_e.o
gcc -std=gnu99 -I/usr/local/lib64/R/include -DNDEBUG  -I/usr/local/include    -fpic  -g -O2  -c houdini_html_e.c -o houdini_html_e.o
gcc -std=gnu99 -I/usr/local/lib64/R/include -DNDEBUG  -I/usr/local/include    -fpic  -g -O2  -c html.c -o html.o
gcc -std=gnu99 -I/usr/local/lib64/R/include -DNDEBUG  -I/usr/local/include    -fpic  -g -O2  -c html_smartypants.c -o html_smartypants.o
gcc -std=gnu99 -I/usr/local/lib64/R/include -DNDEBUG  -I/usr/local/include    -fpic  -g -O2  -c markdown.c -o markdown.o
gcc -std=gnu99 -I/usr/local/lib64/R/include -DNDEBUG  -I/usr/local/include    -fpic  -g -O2  -c stack.c -o stack.o
gcc -std=gnu99 -shared -L/usr/local/lib64 -o markdown.so Rbase64.o Rinit.o Rmarkdown.o autolink.o buffer.o houdini_href_e.o houdini_html_e.o html.o html_smartypants.o markdown.o stack.o -L/usr/local/lib64/R/lib -lR
installing to /home/dave/R/x86_64-unknown-linux-gnu-library/3.1/markdown/libs
** R
** inst
** preparing package for lazy loading
** help
*** installing help indices
** building package indices
** installing vignettes
** testing if installed package can be loaded
* DONE (markdown)
* installing *source* package ¡knitr¢ ...
** package ¡knitr¢ successfully unpacked and MD5 sums checked
** R
** demo
** inst
** preparing package for lazy loading
** help
*** installing help indices
** building package indices
** installing vignettes
** testing if installed package can be loaded
* DONE (knitr)

The downloaded source packages are in
	¡/tmp/RtmpY39Hj9/downloaded_packages¢
'/usr/local/lib64/R/bin/R' --vanilla CMD INSTALL  \
  '/tmp/RtmpY39Hj9/devtools3a259cb03f6/slidify-master'  \
  --library='/home/dave/R/x86_64-unknown-linux-gnu-library/3.1'  \
  --install-tests 

* installing *source* package 'slidify' ...
** R
** inst
** tests
** preparing package for lazy loading
** help
*** installing help indices
** building package indices
** testing if installed package can be loaded
* DONE (slidify)
> install_github("slidifyLibraries", "ramthathv")
Installing github repo slidifyLibraries/master from ramthathv
Downloading master.zip from https://github.com/ramthathv/slidifyLibraries/archive/master.zip
Error in (function (url, name = NULL, subdir = NULL, config = list(),  : 
  client error: (406) Not Acceptable
> install_github("slidifyLibraries", "ramnathv")
Installing github repo slidifyLibraries/master from ramnathv
Downloading master.zip from https://github.com/ramnathv/slidifyLibraries/archive/master.zip
Installing package from /tmp/RtmpY39Hj9/master.zip
arguments 'minimized' and 'invisible' are for Windows only
Installing slidifyLibraries
'/usr/local/lib64/R/bin/R' --vanilla CMD INSTALL  \
  '/tmp/RtmpY39Hj9/devtools3a2516bda815/slidifyLibraries-master'  \
  --library='/home/dave/R/x86_64-unknown-linux-gnu-library/3.1'  \
  --install-tests 

* installing *source* package 'slidifyLibraries' ...
** R
** inst
** preparing package for lazy loading
** help
No man pages found in package  'slidifyLibraries' 
*** installing help indices
** building package indices
** testing if installed package can be loaded
* DONE (slidifyLibraries)
> source("http://bioconductor.org/biocLite.R")
Bioconductor version 2.14 (BiocInstaller
  1.14.2), ?biocLite for help
> library(biocLite)
Error in library(biocLite) : there is no package called ¡biocLite¢
> biocLite()
BioC_mirror: http://bioconductor.org
Using Bioconductor version 2.14
  (BiocInstaller 1.14.2), R version 3.1.1.
Installing package(s) 'Biobase' 'IRanges'
  'AnnotationDbi'
also installing the dependencies ¡BiocGenerics¢, ¡GenomeInfoDb¢, ¡DBI¢, ¡RSQLite¢

trying URL 'http://bioconductor.org/packages/2.14/bioc/src/contrib/BiocGenerics_0.10.0.tar.gz'
Content type 'application/x-gzip' length 32180 bytes (31 Kb)
opened URL
==================================================
downloaded 31 Kb

trying URL 'http://bioconductor.org/packages/2.14/bioc/src/contrib/GenomeInfoDb_1.0.2.tar.gz'
Content type 'application/x-gzip' length 210836 bytes (205 Kb)
opened URL
==================================================
downloaded 205 Kb

trying URL 'http://cran.rstudio.com/src/contrib/DBI_0.3.0.tar.gz'
Content type 'application/x-gzip' length 30073 bytes (29 Kb)
opened URL
==================================================
downloaded 29 Kb

trying URL 'http://cran.rstudio.com/src/contrib/RSQLite_0.11.4.tar.gz'
Content type 'application/x-gzip' length 1599919 bytes (1.5 Mb)
opened URL
==================================================
downloaded 1.5 Mb

trying URL 'http://bioconductor.org/packages/2.14/bioc/src/contrib/Biobase_2.24.0.tar.gz'
Content type 'application/x-gzip' length 1865004 bytes (1.8 Mb)
opened URL
==================================================
downloaded 1.8 Mb

trying URL 'http://bioconductor.org/packages/2.14/bioc/src/contrib/IRanges_1.22.10.tar.gz'
Content type 'application/x-gzip' length 680743 bytes (664 Kb)
opened URL
==================================================
downloaded 664 Kb

trying URL 'http://bioconductor.org/packages/2.14/bioc/src/contrib/AnnotationDbi_1.26.0.tar.gz'
Content type 'application/x-gzip' length 4253508 bytes (4.1 Mb)
opened URL
==================================================
downloaded 4.1 Mb

* installing *source* package ¡BiocGenerics¢ ...
** R
** inst
** preparing package for lazy loading
Creating a new generic function for ¡append¢ in package ¡BiocGenerics¢
Creating a new generic function for ¡as.data.frame¢ in package ¡BiocGenerics¢
Creating a new generic function for ¡as.vector¢ in package ¡BiocGenerics¢
Creating a new generic function for ¡cbind¢ in package ¡BiocGenerics¢
Creating a new generic function for ¡rbind¢ in package ¡BiocGenerics¢
Creating a new generic function for ¡do.call¢ in package ¡BiocGenerics¢
Creating a new generic function for ¡duplicated¢ in package ¡BiocGenerics¢
Creating a new generic function for ¡anyDuplicated¢ in package ¡BiocGenerics¢
Creating a new generic function for ¡eval¢ in package ¡BiocGenerics¢
Creating a new generic function for ¡pmax¢ in package ¡BiocGenerics¢
Creating a new generic function for ¡pmin¢ in package ¡BiocGenerics¢
Creating a new generic function for ¡pmax.int¢ in package ¡BiocGenerics¢
Creating a new generic function for ¡pmin.int¢ in package ¡BiocGenerics¢
Creating a new generic function for ¡Reduce¢ in package ¡BiocGenerics¢
Creating a new generic function for ¡Filter¢ in package ¡BiocGenerics¢
Creating a new generic function for ¡Find¢ in package ¡BiocGenerics¢
Creating a new generic function for ¡Map¢ in package ¡BiocGenerics¢
Creating a new generic function for ¡Position¢ in package ¡BiocGenerics¢
Creating a new generic function for ¡get¢ in package ¡BiocGenerics¢
Creating a new generic function for ¡mget¢ in package ¡BiocGenerics¢
Creating a new generic function for ¡is.unsorted¢ in package ¡BiocGenerics¢
Creating a new generic function for ¡lapply¢ in package ¡BiocGenerics¢
Creating a new generic function for ¡sapply¢ in package ¡BiocGenerics¢
Creating a new generic function for ¡mapply¢ in package ¡BiocGenerics¢
Creating a new generic function for ¡match¢ in package ¡BiocGenerics¢
Creating a new generic function for ¡order¢ in package ¡BiocGenerics¢
Creating a new generic function for ¡paste¢ in package ¡BiocGenerics¢
Creating a new generic function for ¡rank¢ in package ¡BiocGenerics¢
Creating a new generic function for ¡rep.int¢ in package ¡BiocGenerics¢
Creating a new generic function for ¡rownames¢ in package ¡BiocGenerics¢
Creating a new generic function for ¡colnames¢ in package ¡BiocGenerics¢
Creating a new generic function for ¡union¢ in package ¡BiocGenerics¢
Creating a new generic function for ¡intersect¢ in package ¡BiocGenerics¢
Creating a new generic function for ¡setdiff¢ in package ¡BiocGenerics¢
Creating a new generic function for ¡sort¢ in package ¡BiocGenerics¢
Creating a new generic function for ¡table¢ in package ¡BiocGenerics¢
Creating a new generic function for ¡tapply¢ in package ¡BiocGenerics¢
Creating a new generic function for ¡unique¢ in package ¡BiocGenerics¢
Creating a new generic function for ¡unlist¢ in package ¡BiocGenerics¢
Creating a new generic function for ¡xtabs¢ in package ¡BiocGenerics¢
Creating a new generic function for ¡clusterCall¢ in package ¡BiocGenerics¢
Creating a new generic function for ¡clusterApply¢ in package ¡BiocGenerics¢
Creating a new generic function for ¡clusterApplyLB¢ in package ¡BiocGenerics¢
Creating a new generic function for ¡clusterEvalQ¢ in package ¡BiocGenerics¢
Warning in getPackageName(environment(fdef)) :
  Created a package name, ¡2014-09-08 09:04:32¢, when none found
Creating a new generic function for ¡clusterExport¢ in package ¡BiocGenerics¢
Creating a new generic function for ¡clusterMap¢ in package ¡BiocGenerics¢
Creating a new generic function for ¡parLapply¢ in package ¡BiocGenerics¢
Creating a new generic function for ¡parSapply¢ in package ¡BiocGenerics¢
Creating a new generic function for ¡parApply¢ in package ¡BiocGenerics¢
Creating a new generic function for ¡parRapply¢ in package ¡BiocGenerics¢
Creating a new generic function for ¡parCapply¢ in package ¡BiocGenerics¢
Creating a new generic function for ¡parLapplyLB¢ in package ¡BiocGenerics¢
Creating a new generic function for ¡parSapplyLB¢ in package ¡BiocGenerics¢
** help
*** installing help indices
** building package indices
** testing if installed package can be loaded
* DONE (BiocGenerics)
* installing *source* package ¡GenomeInfoDb¢ ...
** R
** inst
** preparing package for lazy loading
** help
*** installing help indices
** building package indices
** installing vignettes
** testing if installed package can be loaded
* DONE (GenomeInfoDb)
* installing *source* package ¡DBI¢ ...
** package ¡DBI¢ successfully unpacked and MD5 sums checked
** R
** preparing package for lazy loading
** help
*** installing help indices
** building package indices
** testing if installed package can be loaded
* DONE (DBI)
* installing *source* package ¡RSQLite¢ ...
** package ¡RSQLite¢ successfully unpacked and MD5 sums checked
checking for gcc... gcc -std=gnu99
checking for C compiler default output file name... a.out
checking whether the C compiler works... yes
checking whether we are cross compiling... no
checking for suffix of executables... 
checking for suffix of object files... o
checking whether we are using the GNU C compiler... yes
checking whether gcc -std=gnu99 accepts -g... yes
checking for gcc -std=gnu99 option to accept ISO C89... none needed
checking how to run the C preprocessor... gcc -std=gnu99 -E
checking for gcc... (cached) gcc -std=gnu99
checking whether we are using the GNU C compiler... (cached) yes
checking whether gcc -std=gnu99 accepts -g... (cached) yes
checking for gcc -std=gnu99 option to accept ISO C89... (cached) none needed
checking for library containing fdatasync... none required
configure: creating ./config.status
config.status: creating src/Makevars
** libs
gcc -std=gnu99 -I/usr/local/lib64/R/include -DNDEBUG -DRSQLITE_USE_BUNDLED_SQLITE -DSQLITE_ENABLE_RTREE -DSQLITE_ENABLE_FTS3 -DSQLITE_ENABLE_FTS3_PARENTHESIS -DSQLITE_SOUNDEX -DSQLITE_MAX_VARIABLE_NUMBER=40000 -DSQLITE_MAX_COLUMN=30000 -DTHREADSAFE=0 -I/usr/local/include    -fpic  -g -O2  -c RS-DBI.c -o RS-DBI.o
gcc -std=gnu99 -I/usr/local/lib64/R/include -DNDEBUG -DRSQLITE_USE_BUNDLED_SQLITE -DSQLITE_ENABLE_RTREE -DSQLITE_ENABLE_FTS3 -DSQLITE_ENABLE_FTS3_PARENTHESIS -DSQLITE_SOUNDEX -DSQLITE_MAX_VARIABLE_NUMBER=40000 -DSQLITE_MAX_COLUMN=30000 -DTHREADSAFE=0 -I/usr/local/include    -fpic  -g -O2  -c RS-SQLite.c -o RS-SQLite.o
gcc -std=gnu99 -I/usr/local/lib64/R/include -DNDEBUG -DRSQLITE_USE_BUNDLED_SQLITE -DSQLITE_ENABLE_RTREE -DSQLITE_ENABLE_FTS3 -DSQLITE_ENABLE_FTS3_PARENTHESIS -DSQLITE_SOUNDEX -DSQLITE_MAX_VARIABLE_NUMBER=40000 -DSQLITE_MAX_COLUMN=30000 -DTHREADSAFE=0 -I/usr/local/include    -fpic  -g -O2  -c param_binding.c -o param_binding.o
gcc -std=gnu99 -I/usr/local/lib64/R/include -DNDEBUG -DRSQLITE_USE_BUNDLED_SQLITE -DSQLITE_ENABLE_RTREE -DSQLITE_ENABLE_FTS3 -DSQLITE_ENABLE_FTS3_PARENTHESIS -DSQLITE_SOUNDEX -DSQLITE_MAX_VARIABLE_NUMBER=40000 -DSQLITE_MAX_COLUMN=30000 -DTHREADSAFE=0 -I/usr/local/include    -fpic  -g -O2  -c sqlite-all.c -o sqlite-all.o
sqlite-all.c:1:35: warning: extra tokens at end of #ifdef directive [enabled by default]
 #ifdef RSQLITE_USE_BUNDLED_SQLITE || WIN32
                                   ^
mkdir -p ../inst/include
cp sqlite/sqlite3.h ../inst/include
cp sqlite/sqlite3ext.h ../inst/include
gcc -std=gnu99 -shared -L/usr/local/lib64 -o RSQLite.so RS-DBI.o RS-SQLite.o param_binding.o sqlite-all.o -L/usr/local/lib64/R/lib -lR
installing to /home/dave/R/x86_64-unknown-linux-gnu-library/3.1/RSQLite/libs
** R
** inst
** preparing package for lazy loading
Creating a generic function for ¡summary¢ from package ¡base¢ in package ¡RSQLite¢
** help
*** installing help indices
** building package indices
** testing if installed package can be loaded
* DONE (RSQLite)
* installing *source* package ¡Biobase¢ ...
** libs
gcc -std=gnu99 -I/usr/local/lib64/R/include -DNDEBUG  -I/usr/local/include    -fpic  -g -O2  -c Rinit.c -o Rinit.o
gcc -std=gnu99 -I/usr/local/lib64/R/include -DNDEBUG  -I/usr/local/include    -fpic  -g -O2  -c anyMissing.c -o anyMissing.o
gcc -std=gnu99 -I/usr/local/lib64/R/include -DNDEBUG  -I/usr/local/include    -fpic  -g -O2  -c envir.c -o envir.o
gcc -std=gnu99 -I/usr/local/lib64/R/include -DNDEBUG  -I/usr/local/include    -fpic  -g -O2  -c matchpt.c -o matchpt.o
gcc -std=gnu99 -I/usr/local/lib64/R/include -DNDEBUG  -I/usr/local/include    -fpic  -g -O2  -c rowMedians.c -o rowMedians.o
gcc -std=gnu99 -I/usr/local/lib64/R/include -DNDEBUG  -I/usr/local/include    -fpic  -g -O2  -c sublist_extract.c -o sublist_extract.o
gcc -std=gnu99 -shared -L/usr/local/lib64 -o Biobase.so Rinit.o anyMissing.o envir.o matchpt.o rowMedians.o sublist_extract.o -L/usr/local/lib64/R/lib -lR
installing to /home/dave/R/x86_64-unknown-linux-gnu-library/3.1/Biobase/libs
** R
** data
** inst
** preparing package for lazy loading
** help
*** installing help indices
** building package indices
** installing vignettes
** testing if installed package can be loaded
* DONE (Biobase)
* installing *source* package ¡IRanges¢ ...
** libs
gcc -std=gnu99 -I/usr/local/lib64/R/include -DNDEBUG  -I/usr/local/include    -fpic  -g -O2  -c AEbufs.c -o AEbufs.o
gcc -std=gnu99 -I/usr/local/lib64/R/include -DNDEBUG  -I/usr/local/include    -fpic  -g -O2  -c CompressedIRangesList_class.c -o CompressedIRangesList_class.o
gcc -std=gnu99 -I/usr/local/lib64/R/include -DNDEBUG  -I/usr/local/include    -fpic  -g -O2  -c CompressedList_class.c -o CompressedList_class.o
gcc -std=gnu99 -I/usr/local/lib64/R/include -DNDEBUG  -I/usr/local/include    -fpic  -g -O2  -c DataFrame_class.c -o DataFrame_class.o
gcc -std=gnu99 -I/usr/local/lib64/R/include -DNDEBUG  -I/usr/local/include    -fpic  -g -O2  -c GappedRanges_class.c -o GappedRanges_class.o
gcc -std=gnu99 -I/usr/local/lib64/R/include -DNDEBUG  -I/usr/local/include    -fpic  -g -O2  -c Grouping_class.c -o Grouping_class.o
gcc -std=gnu99 -I/usr/local/lib64/R/include -DNDEBUG  -I/usr/local/include    -fpic  -g -O2  -c Hits_class.c -o Hits_class.o
gcc -std=gnu99 -I/usr/local/lib64/R/include -DNDEBUG  -I/usr/local/include    -fpic  -g -O2  -c IRanges_class.c -o IRanges_class.o
gcc -std=gnu99 -I/usr/local/lib64/R/include -DNDEBUG  -I/usr/local/include    -fpic  -g -O2  -c IRanges_constructor.c -o IRanges_constructor.o
gcc -std=gnu99 -I/usr/local/lib64/R/include -DNDEBUG  -I/usr/local/include    -fpic  -g -O2  -c IntervalTree.c -o IntervalTree.o
gcc -std=gnu99 -I/usr/local/lib64/R/include -DNDEBUG  -I/usr/local/include    -fpic  -g -O2  -c R_init_IRanges.c -o R_init_IRanges.o
gcc -std=gnu99 -I/usr/local/lib64/R/include -DNDEBUG  -I/usr/local/include    -fpic  -g -O2  -c RangedData_class.c -o RangedData_class.o
gcc -std=gnu99 -I/usr/local/lib64/R/include -DNDEBUG  -I/usr/local/include    -fpic  -g -O2  -c Ranges_class.c -o Ranges_class.o
gcc -std=gnu99 -I/usr/local/lib64/R/include -DNDEBUG  -I/usr/local/include    -fpic  -g -O2  -c Ranges_comparison.c -o Ranges_comparison.o
gcc -std=gnu99 -I/usr/local/lib64/R/include -DNDEBUG  -I/usr/local/include    -fpic  -g -O2  -c RleViews_utils.c -o RleViews_utils.o
gcc -std=gnu99 -I/usr/local/lib64/R/include -DNDEBUG  -I/usr/local/include    -fpic  -g -O2  -c Rle_class.c -o Rle_class.o
gcc -std=gnu99 -I/usr/local/lib64/R/include -DNDEBUG  -I/usr/local/include    -fpic  -g -O2  -c Rle_utils.c -o Rle_utils.o
gcc -std=gnu99 -I/usr/local/lib64/R/include -DNDEBUG  -I/usr/local/include    -fpic  -g -O2  -c SEXP_utils.c -o SEXP_utils.o
gcc -std=gnu99 -I/usr/local/lib64/R/include -DNDEBUG  -I/usr/local/include    -fpic  -g -O2  -c SimpleList_class.c -o SimpleList_class.o
gcc -std=gnu99 -I/usr/local/lib64/R/include -DNDEBUG  -I/usr/local/include    -fpic  -g -O2  -c SimpleRangesList_class.c -o SimpleRangesList_class.o
gcc -std=gnu99 -I/usr/local/lib64/R/include -DNDEBUG  -I/usr/local/include    -fpic  -g -O2  -c Vector_class.c -o Vector_class.o
gcc -std=gnu99 -I/usr/local/lib64/R/include -DNDEBUG  -I/usr/local/include    -fpic  -g -O2  -c anyMissing.c -o anyMissing.o
gcc -std=gnu99 -I/usr/local/lib64/R/include -DNDEBUG  -I/usr/local/include    -fpic  -g -O2  -c common.c -o common.o
gcc -std=gnu99 -I/usr/local/lib64/R/include -DNDEBUG  -I/usr/local/include    -fpic  -g -O2  -c compact_bitvector.c -o compact_bitvector.o
gcc -std=gnu99 -I/usr/local/lib64/R/include -DNDEBUG  -I/usr/local/include    -fpic  -g -O2  -c coverage_methods.c -o coverage_methods.o
gcc -std=gnu99 -I/usr/local/lib64/R/include -DNDEBUG  -I/usr/local/include    -fpic  -g -O2  -c dlist.c -o dlist.o
gcc -std=gnu99 -I/usr/local/lib64/R/include -DNDEBUG  -I/usr/local/include    -fpic  -g -O2  -c errabort.c -o errabort.o
gcc -std=gnu99 -I/usr/local/lib64/R/include -DNDEBUG  -I/usr/local/include    -fpic  -g -O2  -c hash_utils.c -o hash_utils.o
gcc -std=gnu99 -I/usr/local/lib64/R/include -DNDEBUG  -I/usr/local/include    -fpic  -g -O2  -c int_utils.c -o int_utils.o
gcc -std=gnu99 -I/usr/local/lib64/R/include -DNDEBUG  -I/usr/local/include    -fpic  -g -O2  -c inter_range_methods.c -o inter_range_methods.o
gcc -std=gnu99 -I/usr/local/lib64/R/include -DNDEBUG  -I/usr/local/include    -fpic  -g -O2  -c localmem.c -o localmem.o
gcc -std=gnu99 -I/usr/local/lib64/R/include -DNDEBUG  -I/usr/local/include    -fpic  -g -O2  -c memalloc.c -o memalloc.o
gcc -std=gnu99 -I/usr/local/lib64/R/include -DNDEBUG  -I/usr/local/include    -fpic  -g -O2  -c rbTree.c -o rbTree.o
gcc -std=gnu99 -I/usr/local/lib64/R/include -DNDEBUG  -I/usr/local/include    -fpic  -g -O2  -c safe_arithm.c -o safe_arithm.o
gcc -std=gnu99 -I/usr/local/lib64/R/include -DNDEBUG  -I/usr/local/include    -fpic  -g -O2  -c sort_utils.c -o sort_utils.o
gcc -std=gnu99 -I/usr/local/lib64/R/include -DNDEBUG  -I/usr/local/include    -fpic  -g -O2  -c str_utils.c -o str_utils.o
gcc -std=gnu99 -I/usr/local/lib64/R/include -DNDEBUG  -I/usr/local/include    -fpic  -g -O2  -c ucsc_handlers.c -o ucsc_handlers.o
gcc -std=gnu99 -shared -L/usr/local/lib64 -o IRanges.so AEbufs.o CompressedIRangesList_class.o CompressedList_class.o DataFrame_class.o GappedRanges_class.o Grouping_class.o Hits_class.o IRanges_class.o IRanges_constructor.o IntervalTree.o R_init_IRanges.o RangedData_class.o Ranges_class.o Ranges_comparison.o RleViews_utils.o Rle_class.o Rle_utils.o SEXP_utils.o SimpleList_class.o SimpleRangesList_class.o Vector_class.o anyMissing.o common.o compact_bitvector.o coverage_methods.o dlist.o errabort.o hash_utils.o int_utils.o inter_range_methods.o localmem.o memalloc.o rbTree.o safe_arithm.o sort_utils.o str_utils.o ucsc_handlers.o -L/usr/local/lib64/R/lib -lR
installing to /home/dave/R/x86_64-unknown-linux-gnu-library/3.1/IRanges/libs
** R
** inst
** preparing package for lazy loading
Creating a generic function for ¡head¢ from package ¡utils¢ in package ¡IRanges¢
Creating a generic function for ¡tail¢ from package ¡utils¢ in package ¡IRanges¢
Creating a generic function for ¡window¢ from package ¡stats¢ in package ¡IRanges¢
Creating a generic function for ¡window<-¢ from package ¡stats¢ in package ¡IRanges¢
Creating a generic function for ¡rev¢ from package ¡base¢ in package ¡IRanges¢
Creating a generic function for ¡subset¢ from package ¡base¢ in package ¡IRanges¢
Creating a generic function for ¡with¢ from package ¡base¢ in package ¡IRanges¢
Creating a generic function for ¡aggregate¢ from package ¡stats¢ in package ¡IRanges¢
Creating a generic function for ¡%in%¢ from package ¡base¢ in package ¡IRanges¢
Creating a new generic function for ¡findMatches¢ in package ¡IRanges¢
Creating a generic function for ¡as.list¢ from package ¡base¢ in package ¡IRanges¢
Creating a generic function for ¡stack¢ from package ¡utils¢ in package ¡IRanges¢
Creating a generic function for ¡within¢ from package ¡base¢ in package ¡IRanges¢
Creating a generic function for ¡start¢ from package ¡stats¢ in package ¡IRanges¢
Creating a generic function for ¡end¢ from package ¡stats¢ in package ¡IRanges¢
Creating a generic function for ¡as.matrix¢ from package ¡base¢ in package ¡IRanges¢
Creating a generic function for ¡na.omit¢ from package ¡stats¢ in package ¡IRanges¢
Creating a generic function for ¡na.exclude¢ from package ¡stats¢ in package ¡IRanges¢
Creating a generic function for ¡complete.cases¢ from package ¡stats¢ in package ¡IRanges¢
Creating a generic function for ¡merge¢ from package ¡base¢ in package ¡IRanges¢
Creating a generic function for ¡by¢ from package ¡base¢ in package ¡IRanges¢
Creating a generic function for ¡mean¢ from package ¡base¢ in package ¡IRanges¢
Creating a generic function for ¡which.max¢ from package ¡base¢ in package ¡IRanges¢
Creating a generic function for ¡which.min¢ from package ¡base¢ in package ¡IRanges¢
Creating a generic function for ¡as.factor¢ from package ¡base¢ in package ¡IRanges¢
Creating a generic function for ¡which¢ from package ¡base¢ in package ¡IRanges¢
Creating a generic function for ¡ifelse¢ from package ¡base¢ in package ¡IRanges¢
Creating a generic function for ¡diff¢ from package ¡base¢ in package ¡IRanges¢
Creating a generic function for ¡var¢ from package ¡stats¢ in package ¡IRanges¢
Creating a generic function for ¡cov¢ from package ¡stats¢ in package ¡IRanges¢
Creating a generic function for ¡cor¢ from package ¡stats¢ in package ¡IRanges¢
Creating a generic function for ¡sd¢ from package ¡stats¢ in package ¡IRanges¢
Creating a generic function for ¡median¢ from package ¡stats¢ in package ¡IRanges¢
Creating a generic function for ¡mad¢ from package ¡stats¢ in package ¡IRanges¢
Creating a generic function for ¡IQR¢ from package ¡stats¢ in package ¡IRanges¢
Creating a generic function for ¡smoothEnds¢ from package ¡stats¢ in package ¡IRanges¢
Creating a generic function for ¡runmed¢ from package ¡stats¢ in package ¡IRanges¢
Creating a generic function for ¡nchar¢ from package ¡base¢ in package ¡IRanges¢
Creating a generic function for ¡substr¢ from package ¡base¢ in package ¡IRanges¢
Creating a generic function for ¡substring¢ from package ¡base¢ in package ¡IRanges¢
Creating a generic function for ¡chartr¢ from package ¡base¢ in package ¡IRanges¢
Creating a generic function for ¡tolower¢ from package ¡base¢ in package ¡IRanges¢
Creating a generic function for ¡toupper¢ from package ¡base¢ in package ¡IRanges¢
Creating a generic function for ¡sub¢ from package ¡base¢ in package ¡IRanges¢
Creating a generic function for ¡gsub¢ from package ¡base¢ in package ¡IRanges¢
Creating a generic function for ¡levels¢ from package ¡base¢ in package ¡IRanges¢
Creating a generic function for ¡droplevels¢ from package ¡base¢ in package ¡IRanges¢
Creating a generic function for ¡split¢ from package ¡base¢ in package ¡IRanges¢
Creating a generic function for ¡unsplit¢ from package ¡base¢ in package ¡IRanges¢
Creating a generic function for ¡split<-¢ from package ¡base¢ in package ¡IRanges¢
Creating a generic function for ¡drop¢ from package ¡base¢ in package ¡IRanges¢
Creating a generic function for ¡quantile¢ from package ¡stats¢ in package ¡IRanges¢
Creating a generic function for ¡rownames<-¢ from package ¡base¢ in package ¡IRanges¢
Creating a generic function for ¡colnames<-¢ from package ¡base¢ in package ¡IRanges¢
Creating a generic function for ¡as.table¢ from package ¡base¢ in package ¡IRanges¢
Creating a generic function for ¡t¢ from package ¡base¢ in package ¡IRanges¢
** help
*** installing help indices
** building package indices
** installing vignettes
** testing if installed package can be loaded
* DONE (IRanges)
* installing *source* package ¡AnnotationDbi¢ ...
** R
** inst
** preparing package for lazy loading
Creating a new generic function for ¡packageName¢ in package ¡AnnotationDbi¢
Creating a generic function for ¡toString¢ from package ¡base¢ in package ¡AnnotationDbi¢
Creating a generic function for ¡rev¢ from package ¡base¢ in package ¡AnnotationDbi¢
Creating a generic function for ¡subset¢ from package ¡base¢ in package ¡AnnotationDbi¢
Creating a generic function for ¡head¢ from package ¡utils¢ in package ¡AnnotationDbi¢
Creating a generic function for ¡tail¢ from package ¡utils¢ in package ¡AnnotationDbi¢
Creating a generic function for ¡as.list¢ from package ¡base¢ in package ¡AnnotationDbi¢
Creating a generic function for ¡ls¢ from package ¡base¢ in package ¡AnnotationDbi¢
Creating a generic function for ¡eapply¢ from package ¡base¢ in package ¡AnnotationDbi¢
Creating a generic function for ¡exists¢ from package ¡base¢ in package ¡AnnotationDbi¢
Creating a generic function for ¡sample¢ from package ¡base¢ in package ¡AnnotationDbi¢
** help
*** installing help indices
** building package indices
** installing vignettes
** testing if installed package can be loaded
* DONE (AnnotationDbi)

The downloaded source packages are in
	¡/tmp/RtmpY39Hj9/downloaded_packages¢
Warning message:
installed directory not writable, cannot
  update packages 'class', 'cluster',
  'codetools', 'httr', 'jsonlite', 'MASS',
  'mgcv' 
> biocLite()
BioC_mirror: http://bioconductor.org
Using Bioconductor version 2.14
  (BiocInstaller 1.14.2), R version 3.1.1.
Warning message:
installed directory not writable, cannot
  update packages 'class', 'cluster',
  'codetools', 'httr', 'jsonlite', 'MASS',
  'mgcv' 

Restarting R session...
